]0;~[?2004h(LZmmERHqkYCCt96al5lAl) [julia.frost@ip-10-140-2-9 ~]$ g[Kecho [K[K[K[K[Kgit commit -m "seon[Kco[K[K[Kconf[Kd commit"
[?2004l[main (root-commit) e70e8d6] second commit
 1 file changed, 1 insertion(+)
 create mode 100644 README.md
]0;~[?2004h(LZmmERHqkYCCt96al5lAl) [julia.frost@ip-10-140-2-9 ~]$ git push origin main
[?2004lEnumerating objects: 3, done.
Counting objects:  33% (1/3)Counting objects:  66% (2/3)Counting objects: 100% (3/3)Counting objects: 100% (3/3), done.
Writing objects:  33% (1/3)Writing objects:  66% (2/3)Writing objects: 100% (3/3)Writing objects: 100% (3/3), 225 bytes | 225.00 KiB/s, done.
Total 3 (delta 0), reused 0 (delta 0), pack-reused 0 (from 0)
To github.com:juliafrost-jpg/cautious-potato.git
 * [new branch]      main -> main
]0;~[?2004h(LZmmERHqkYCCt96al5lAl) [julia.frost@ip-10-140-2-9 ~]$ echo "Hello world!" ..[K[K>> README.md
[?2004l]0;~[?2004h(LZmmERHqkYCCt96al5lAl) [julia.frost@ip-10-140-2-9 ~]$ gir [K[Kt add README.md
[?2004l]0;~[?2004h(LZmmERHqkYCCt96al5lAl) [julia.frost@ip-10-140-2-9 ~]$ git commit -m "Hello Wo[K[Kworld!"
[?2004l[main 90d3c1d] Hello world!
 1 file changed, 1 insertion(+)
]0;~[?2004h(LZmmERHqkYCCt96al5lAl) [julia.frost@ip-10-140-2-9 ~]$ git push org[Kigin main
[?2004lEnumerating objects: 5, done.
Counting objects:  20% (1/5)Counting objects:  40% (2/5)Counting objects:  60% (3/5)Counting objects:  80% (4/5)Counting objects: 100% (5/5)Counting objects: 100% (5/5), done.
Writing objects:  33% (1/3)Writing objects:  66% (2/3)Writing objects: 100% (3/3)Writing objects: 100% (3/3), 271 bytes | 271.00 KiB/s, done.
Total 3 (delta 0), reused 0 (delta 0), pack-reused 0 (from 0)
To github.com:juliafrost-jpg/cautious-potato.git
   e70e8d6..90d3c1d  main -> main
]0;~[?2004h(LZmmERHqkYCCt96al5lAl) [julia.frost@ip-10-140-2-9 ~]$ [K(LZmmERHqkYCCt96al5lAl) [julia.frost@ip-10-140-2-9 ~]$ git clone [7mgit@github.com:kpagano-uri/magical-disco.git[27mgit@github.com:kpagano-uri/magical-disco.git
[?2004lCloning into 'magical-disco'...
remote: Enumerating objects: 9, done.[K
remote: Counting objects:  11% (1/9)[Kremote: Counting objects:  22% (2/9)[Kremote: Counting objects:  33% (3/9)[Kremote: Counting objects:  44% (4/9)[Kremote: Counting objects:  55% (5/9)[Kremote: Counting objects:  66% (6/9)[Kremote: Counting objects:  77% (7/9)[Kremote: Counting objects:  88% (8/9)[Kremote: Counting objects: 100% (9/9)[Kremote: Counting objects: 100% (9/9), done.[K
remote: Compressing objects:  33% (1/3)[Kremote: Compressing objects:  66% (2/3)[Kremote: Compressing objects: 100% (3/3)[Kremote: Compressing objects: 100% (3/3), done.[K
remote: Total 9 (delta 0), reused 9 (delta 0), pack-reused 0 (from 0)[K
Receiving objects:  11% (1/9)Receiving objects:  22% (2/9)Receiving objects:  33% (3/9)Receiving objects:  44% (4/9)Receiving objects:  55% (5/9)Receiving objects:  66% (6/9)Receiving objects:  77% (7/9)Receiving objects:  88% (8/9)Receiving objects: 100% (9/9)Receiving objects: 100% (9/9), done.
]0;~[?2004h(LZmmERHqkYCCt96al5lAl) [julia.frost@ip-10-140-2-9 ~]$ echo "Did this work lol" >> Re[KW[KEADME.md
[?2004l]0;~[?2004h(LZmmERHqkYCCt96al5lAl) [julia.frost@ip-10-140-2-9 ~]$ git add READm[KME.md
[?2004l]0;~[?2004h(LZmmERHqkYCCt96al5lAl) [julia.frost@ip-10-140-2-9 ~]$ git commit -m "Did this work lol"
[?2004l[main c417f7a] Did this work lol
 1 file changed, 1 insertion(+)
]0;~[?2004h(LZmmERHqkYCCt96al5lAl) [julia.frost@ip-10-140-2-9 ~]$ git push origin main
[?2004lEnumerating objects: 5, done.
Counting objects:  20% (1/5)Counting objects:  40% (2/5)Counting objects:  60% (3/5)Counting objects:  80% (4/5)Counting objects: 100% (5/5)Counting objects: 100% (5/5), done.
Writing objects:  33% (1/3)Writing objects:  66% (2/3)Writing objects: 100% (3/3)Writing objects: 100% (3/3), 289 bytes | 289.00 KiB/s, done.
Total 3 (delta 0), reused 0 (delta 0), pack-reused 0 (from 0)
To github.com:juliafrost-jpg/cautious-potato.git
   90d3c1d..c417f7a  main -> main
]0;~[?2004h(LZmmERHqkYCCt96al5lAl) [julia.frost@ip-10-140-2-9 ~]$ cd magical-disco[K(LZmmERHqkYCCt96al5lAl) [julia.frost@ip-10-140-2-9 ~]$ cd magical-disco[K(LZmmERHqkYCCt96al5lAl) [julia.frost@ip-10-140-2-9 ~]$ cd magical-disco[K(LZmmERHqkYCCt96al5lAl) [julia.frost@ip-10-140-2-9 ~]$ cd magical-disco[K(LZmmERHqkYCCt96al5lAl) [julia.frost@ip-10-140-2-9 ~]$ cd magical-disco[K(LZmmERHqkYCCt96al5lAl) [julia.frost@ip-10-140-2-9 ~]$ cd magical-disco[K[K[K[K[K[K[K[K[K[K[K[K[K[K[K[Kgit remote -v
[?2004lorigin	git@github.com:juliafrost-jpg/cautious-potato.git (fetch)
origin	git@github.com:juliafrost-jpg/cautious-potato.git (push)
]0;~[?2004h(LZmmERHqkYCCt96al5lAl) [julia.frost@ip-10-140-2-9 ~]$ cd magical-dic[Ksco[K[K[K[K[K[K[K[K[K[K[K[K[K[K[K[Kgit branch[K[K[K[K[K[K[K[K[K[K[7mgit remote set-url origin git@github.com:kpagano-uri/magical-disco.git[27m[C[C[C[C[C[C[C[C[C[C[C[C[C[C[C[C[C[C[C[C[C[C[C[C[C[C[C[C[C[C[C[C[C[C[C[C[C[C[C[C[C[C[C[C[C[C[C[C[C[C[C[C[C[C[Cgit remote set-url origin git@github.com:kpagano-uri/magical-disco.git
[?2004l]0;~[?2004h(LZmmERHqkYCCt96al5lAl) [julia.frost@ip-10-140-2-9 ~]$ git remoye ee[K[K[K[K[Kte -v
[?2004lorigin	git@github.com:kpagano-uri/magical-disco.git (fetch)
origin	git@github.com:kpagano-uri/magical-disco.git (push)
]0;~[?2004h(LZmmERHqkYCCt96al5lAl) [julia.frost@ip-10-140-2-9 ~]$ echo "Did this work again lol" >> README.md
[?2004l]0;~[?2004h(LZmmERHqkYCCt96al5lAl) [julia.frost@ip-10-140-2-9 ~]$ git add README/[K.md
[?2004l]0;~[?2004h(LZmmERHqkYCCt96al5lAl) [julia.frost@ip-10-140-2-9 ~]$ git commit -m "Did this work again lol"
[?2004l[main bab0e48] Did this work again lol
 1 file changed, 1 insertion(+)
]0;~[?2004h(LZmmERHqkYCCt96al5lAl) [julia.frost@ip-10-140-2-9 ~]$ git psuh[K[K[Kush origin main
[?2004lTo github.com:kpagano-uri/magical-disco.git
 [31m! [rejected]       [m main -> main (fetch first)
[31merror: failed to push some refs to 'github.com:kpagano-uri/magical-disco.git'
[m[33mhint: Updates were rejected because the remote contains work that you do not[m
[33mhint: have locally. This is usually caused by another repository pushing to[m
[33mhint: the same ref. If you want to integrate the remote changes, use[m
[33mhint: 'git pull' before pushing again.[m
[33mhint: See the 'Note about fast-forwards' in 'git push --help' for details.[m
]0;~[?2004h(LZmmERHqkYCCt96al5lAl) [julia.frost@ip-10-140-2-9 ~]$ [7mgit pull origin main[27m
[7mgit push origin main[27m[A[C[C[C[C[C[C[C[C[C[C[C[C[C[C[C[C[C[C[C[C[C[C[C[C[C[C[C[C[C[C[C[C[C[C[Cgit pull origin main
git push origin main
[?2004lremote: Enumerating objects: 9, done.[K
remote: Counting objects:  11% (1/9)[Kremote: Counting objects:  22% (2/9)[Kremote: Counting objects:  33% (3/9)[Kremote: Counting objects:  44% (4/9)[Kremote: Counting objects:  55% (5/9)[Kremote: Counting objects:  66% (6/9)[Kremote: Counting objects:  77% (7/9)[Kremote: Counting objects:  88% (8/9)[Kremote: Counting objects: 100% (9/9)[Kremote: Counting objects: 100% (9/9), done.[K
remote: Compressing objects:  33% (1/3)[Kremote: Compressing objects:  66% (2/3)[Kremote: Compressing objects: 100% (3/3)[Kremote: Compressing objects: 100% (3/3), done.[K
remote: Total 9 (delta 0), reused 9 (delta 0), pack-reused 0 (from 0)[K
Unpacking objects:  11% (1/9)Unpacking objects:  22% (2/9)Unpacking objects:  33% (3/9)Unpacking objects:  44% (4/9)Unpacking objects:  55% (5/9)Unpacking objects:  66% (6/9)Unpacking objects:  77% (7/9)Unpacking objects:  88% (8/9)Unpacking objects: 100% (9/9)Unpacking objects: 100% (9/9), 660 bytes | 660.00 KiB/s, done.
From github.com:kpagano-uri/magical-disco
 * branch            main       -> FETCH_HEAD
 + c417f7a...79ab0e7 main       -> origin/main  (forced update)
[33mhint: You have divergent branches and need to specify how to reconcile them.[m
[33mhint: You can do so by running one of the following commands sometime before[m
[33mhint: your next pull:[m
[33mhint:[m
[33mhint:   git config pull.rebase false  # merge[m
[33mhint:   git config pull.rebase true   # rebase[m
[33mhint:   git config pull.ff only       # fast-forward only[m
[33mhint:[m
[33mhint: You can replace "git config" with "git config --global" to set a default[m
[33mhint: preference for all repositories. You can also pass --rebase, --no-rebase,[m
[33mhint: or --ff-only on the command line to override the configured default per[m
[33mhint: invocation.[m
fatal: Need to specify how to reconcile divergent branches.
To github.com:kpagano-uri/magical-disco.git
 [31m! [rejected]       [m main -> main (non-fast-forward)
[31merror: failed to push some refs to 'github.com:kpagano-uri/magical-disco.git'
[m[33mhint: Updates were rejected because the tip of your current branch is behind[m
[33mhint: its remote counterpart. If you want to integrate the remote changes,[m
[33mhint: use 'git pull' before pushing again.[m
[33mhint: See the 'Note about fast-forwards' in 'git push --help' for details.[m
]0;~[?2004h(LZmmERHqkYCCt96al5lAl) [julia.frost@ip-10-140-2-9 ~]$ [7mgit config pull.rebase false[27m
[7mgit pull origin main --allow-unrelated-histories[27m
[7mgit push origin main[27m[A[A[C[C[C[C[C[C[C[C[C[C[C[C[C[C[C[C[C[C[C[C[C[C[C[C[C[C[C[C[C[C[C[C[C[C[Cgit config pull.rebase false
git pull origin main --allow-unrelated-histories
git push origin main
[?2004lFrom github.com:kpagano-uri/magical-disco
 * branch            main       -> FETCH_HEAD
Auto-merging README.md
CONFLICT (add/add): Merge conflict in README.md
Automatic merge failed; fix conflicts and then commit the result.
To github.com:kpagano-uri/magical-disco.git
 [31m! [rejected]       [m main -> main (non-fast-forward)
[31merror: failed to push some refs to 'github.com:kpagano-uri/magical-disco.git'
[m[33mhint: Updates were rejected because the tip of your current branch is behind[m
[33mhint: its remote counterpart. If you want to integrate the remote changes,[m
[33mhint: use 'git pull' before pushing again.[m
[33mhint: See the 'Note about fast-forwards' in 'git push --help' for details.[m
]0;~[?2004h(LZmmERHqkYCCt96al5lAl) [julia.frost@ip-10-140-2-9 ~]$ [7m# Check status[27m
[7mgit status[27m

[7m# Accept all incoming changes (keeps remote version)[27m
[7mgit checkout --theirs .[27m

[7m# Or accept your local changes (keeps your version)[27m
[7mgit checkout --ours .[27m

[7m# Then finalize[27m
[7mgit add .[27m
[7mgit commit -m "resolved conflict"[27m
[7mgit push origin main[27m[A[A[A[A[A[A[A[A[A[A[A[A[C[C[C[C[C[C[C[C[C[C[C[C[C[C[C[C[C[C[C[C[C[C[C[C[C[C[C[C[C[C[C[C[C[C[C# Check status
git status

# Accept all incoming changes (keeps remote version)
git checkout --theirs .

# Or accept your local changes (keeps your version)
git checkout --ours .

# Then finalize
git add .
git commit -m "resolved conflict"
git push origin main
[?2004lOn branch main
You have unmerged paths.
  (fix conflicts and run "git commit")
  (use "git merge --abort" to abort the merge)

Unmerged paths:
  (use "git add <file>..." to mark resolution)
	[31mboth added:      README.md[m

Untracked files:
  (use "git add <file>..." to include in what will be committed)
	[31m.Rhistory[m
	[31m.TinyTeX/[m
	[31m.bash_history[m
	[31m.bash_logout[m
	[31m.bash_profile[m
	[31m.bashrc[m
	[31m.cache/[m
	[31m.config/[m
	[31m.gitconfig[m
	[31m.lesshst[m
	[31m.local/[m
	[31m.sh_history[m
	[31m.ssh/[m
	[31m.subversion/[m
	[31m2026_exam2_start/[m
	[31mAutoHMM/[m
	[31mExam 1-Feed/[m
	[31mExam2.Rmd[m
	[31mExam2.html[m
	[31mExam2.pdf[m
	[31mExam_2[m
	[31mExam_2_plain_txt[m
	[31mFish_BIO539_2026/[m
	[31mLongwide/[m
	[31mMetdata/[m
	[31mMount_st_helen/[m
	[31mPython.py[m
	[31mTerm-Practice/[m
	[31mbin/[m
	[31mfind_rare_birds[m
	[31mgit/[m
	[31mmagical-disco/[m
	[31mrare_birds.csv[m
	[31mrare_birds_yearly.csv[m
	[31mreadme[m
	[31mtest_observations.csv[m
	[31mtest_translation.csv[m

no changes added to commit (use "git add" and/or "git commit -a")
Updated 1 path from the index
Updated 1 path from the index
